---
source: src/ui/watch_drill.rs
assertion_line: 228
expression: terminal.backend().to_string()
---
"┌Watch─────────────────────────────────────────────────────────────────────────────────────────────┐"
"│nothing watched                                                                                   │"
"│                                                                                                  │"
"│                                                                                                  │"
"│                                                                                                  │"
"│                                                                                                  │"
"│                                                                                                  │"
"│                                                                                                  │"
"│                                                                                                  │"
"│                                                                                                  │"
"│                                                                                                  │"
"│                                                                                                  │"
"│                                                                                                  │"
"│                                                                                                  │"
"│                                                                                                  │"
"│                                                                                                  │"
"│                                                                                                  │"
"│                                                                                                  │"
"│                                                                                                  │"
"└Esc back──────────────────────────────────────────────────────────────────────────────────────────┘"
