---
source: src/chair_panel.rs
assertion_line: 1043
expression: "drawn(&open_panel(), ThemeId::HarborLight)"
---
"┌ chair · ` focus · \ close ·┐"
"│hello                       │"
"│world                       │"
"│                            │"
"│                            │"
"└────────────────────────────┘"
