---
source: src/chair_panel.rs
assertion_line: 1033
expression: "drawn(&panel, ThemeId::HarborLight)"
---
"┌ chair · ` focus · \ close ·┐"
"│no session published        │"
"│Enter starts a session      │"
"│                            │"
"│                            │"
"└────────────────────────────┘"
