---
source: src/chair_panel.rs
assertion_line: 1038
expression: "drawn(&open_panel(), ThemeId::Regatta)"
---
"┌ chair · ` focus · \ close ·┐"
"│hello                       │"
"│world                       │"
"│                            │"
"│                            │"
"└────────────────────────────┘"
