---
source: src/chair_panel.rs
assertion_line: 1027
expression: "drawn(&panel, ThemeId::Regatta)"
---
"┌ chair · ` focus · \ close ·┐"
"│no session published        │"
"│Enter starts a session      │"
"│                            │"
"│                            │"
"└────────────────────────────┘"
