---
source: src/ui/mod.rs
assertion_line: 938
expression: text
---
│                                                                                                                      │
╰──────────────────────────────────────────────────────────────────────────────────────────────────────────────────────╯
╭ 6 queue ──────────────────┌Add machine───────────────────────────────────────────────────┐───────────────────────────╮
│  dash-feed-streams-a-versi│ ┌Add machine edge-1, then run cox host doctor edge-1───────┐ │budget stop after 2 attempt│
│                           │ │ $ cox host add edge-1 --ssh pat@edge-1 --capacity 4      │ │                           │
│                           │ │                                                          │ │                           │
│                           │ │ y run    n cancel                                        │ │                           │
│                           │ └──────────────────────────────────────────────────────────┘ │                           │
╰───────────────────────────│ Tab next  Enter confirm  Esc cancel                          │───────────────────────────╯
╭ 8 run cost ───────────────└──────────────────────────────────────────────────────────────┘───────────────────────────╮
│$2  │                                                                                                    ┌───────────┐│
│    │                                                                                                    │dash-feed-1││
1-9 frames · ←→ focus · ↑↓ select · ⏎ drill down · t theme · v layout · q quit │ p pause  k kill  m move · : palette
