---
source: src/ui/regatta.rs
expression: terminal.backend().to_string()
---
"╭ 8 run cost ──────────────────────────────────────────────────────────────────╮"
"│$5   │                                                                ┌──────┐│"
"│     │                                                                │r-beta││"
"│     │                                                                └──────┘│"
"│     │                                                                     ⣀⣀⣀│"
"│     │                                              ⢀⣀⣀⣀⣀⠤⠤⠤⠤⠤⠤⠒⠒⠒⠒⠒⠒⠉⠉⠉⠉⠉⠉   │"
"│$2.50│                                  ⢀⣀⣀⡠⠤⠤⠔⠒⠒⠊⠉⠉⠁                         │"
"│     │                      ⢀⣀⣀⡠⠤⠤⠔⠒⠒⠊⠉⠉⠁                                     │"
"│     │          ⢀⣀⣀⡠⠤⠤⠔⠒⠒⠊⠉⠉⠁                                             ⢀⡀  │"
"│     │⣀⡠⠤⠤⠔⠒⠒⠊⠉⠉⠁                                                ⢀⣀⣀⡠⠤⠔⠒⠊⠉⠁   │"
"│$0   │                                                    ⠒⠒⠊⠉⠉⠉⠉⠁            │"
"│     └────────────────────────────────────────────────────────────────────────│"
"│ 13:40                                                                   14:10│"
"╰──────────────────────────────────────────────────────────────────────────────╯"
