---
source: src/ui/machine_drill.rs
assertion_line: 158
expression: terminal.backend().to_string()
---
"┌Machine omarchy───────────────────────────────────────────────────────────────────────────────────────────────────────┐"
"│Linux 7.2.5-3-omarchy 16 cpus 64.0 GB                                                                                 │"
"│2/3                                                                                                                   │"
"│coxswain-dash worktree-coxtop-drills 3 behind main                                                                    │"
"│coxswain-tools main 0 behind main                                                                                     │"
"│                                                                                                                      │"
"│                                                                                                                      │"
"│                                                                                                                      │"
"│                                                                                                                      │"
"│                                                                                                                      │"
"│                                                                                                                      │"
"│                                                                                                                      │"
"│                                                                                                                      │"
"│                                                                                                                      │"
"│                                                                                                                      │"
"│                                                                                                                      │"
"│                                                                                                                      │"
"│                                                                                                                      │"
"│                                                                                                                      │"
"│                                                                                                                      │"
"│                                                                                                                      │"
"│                                                                                                                      │"
"│                                                                                                                      │"
"│                                                                                                                      │"
"│                                                                                                                      │"
"│                                                                                                                      │"
"│                                                                                                                      │"
"│                                                                                                                      │"
"│                                                                                                                      │"
"│                                                                                                                      │"
"│                                                                                                                      │"
"│                                                                                                                      │"
"│                                                                                                                      │"
"│                                                                                                                      │"
"│                                                                                                                      │"
"│                                                                                                                      │"
"│                                                                                                                      │"
"│                                                                                                                      │"
"│                                                                                                                      │"
"└──────────────────────────────────────────────────────────────────────────────────────────────────────────────────────┘"
