---
source: src/ui/form_frame.rs
assertion_line: 133
expression: "draw(&form, 80, 24)"
---
"                                                                                "
"                                                                                "
"                                                                                "
"                                                                                "
"                                                                                "
"                                                                                "
"                                                                                "
"        ┌Add machine───────────────────────────────────────────────────┐        "
"        │   name          bad name                                     │        "
"        │ > ssh           pat@edge-1                                   │        "
"        │   capacity      1                                            │        "
"        │   capabilities                                               │        "
"        │ name must be non-empty with no whitespace                    │        "
"        │                                                              │        "
"        │ Tab next  Enter confirm  Esc cancel                          │        "
"        └──────────────────────────────────────────────────────────────┘        "
"                                                                                "
"                                                                                "
"                                                                                "
"                                                                                "
"                                                                                "
"                                                                                "
"                                                                                "
"                                                                                "
