---
source: src/ui/mod.rs
assertion_line: 1058
expression: text
---
╰──────────────────────────────────────────────────────────────────────────────────────────────────────────────────────╯
╭ 6 queue ──────────────────────────────────────────────────────────╮╭ 9 inbox ────────────────────────────────────────╮
│  dash-feed-streams-a-version┌Kill run dash-feed-1──────────────────────────────────────┐k budget stop after 2 attempt│
│                             │ $ cox runs stop dash-feed-1                              │                             │
│                             │                                                          │                             │
│                             │ y run    n cancel                                        │                             │
│                             └──────────────────────────────────────────────────────────┘                             │
╰───────────────────────────────────────────────────────────────────╯╰─────────────────────────────────────────────────╯
1-9 frames · ←→ focus · ↑↓ select · q quit │ p pause  k kill  m move · : palette  w watch  $ spend  h health
