---
source: src/ui/regatta.rs
assertion_line: 2896
expression: terminal.backend().to_string()
---
"╭ 4 lanes over 24h ────────────────────────────────────────────────────────────────────────────────────────────────────╮"
"│                                                                           run-a        starting                 $0.00│"
"│                                                                                                                      │"
"│                                                                                                                      │"
"│00:00                                           lanes in use · peak 0                                            00:00│"
"╰──────────────────────────────────────────────────────────────────────────────────────────────────────────────────────╯"
"╭ 5 runs ──────────────────────────────────────────────────────────────────────────────────────────────────────────────╮"
"│  RUN          PROJECT        MACHINE    STAGE                               ATT    COST STATUS                       │"
"│  run-a        -              m0         starting                              1   $0.00 ● running                    │"
"│                                                                                                                      │"
"│                                                                                                                      │"
"│                                                                                                                      │"
"╰──────────────────────────────────────────────────────────────────────────────────────────────────────────────────────╯"
