---
source: src/ui/mod.rs
assertion_line: 902
expression: text
---
╭┌cox─────────────────────────────────────────────────────────────────────────────────────────────────────────────────┐╮
││$ cox runs stop dash-feed-1                                                                                         ││
││stopped dash-feed-1                                                                                                 ││
││exit 0                                                                                                              ││
╰│                                                                                                                    │╯
││                                                                                                                    ││
││Up Down scroll    Esc close                                                                                         ││
╰└────────────────────────────────────────────────────────────────────────────────────────────────────────────────────┘╯
stopped dash-feed-1
