---
source: src/ui/regatta.rs
expression: terminal.backend().to_string()
---
"╭ 1 chair ─────────────────────────────────────────────────╮╭ 2 spend ─────────────────────────────────────────────────╮"
"│chair@omarchy:12345 omarchy live                          ││█████████         5h 16% (resets 02:00)                   │"
"│beat age: 4s                                              ││██████████████████wk 35% (resets 04:00)                   │"
"╰──────────────────────────────────────────────────────────╯╰──────────────────────────────────────────────────────────╯"
"╭ 3 machines ──────────────────────────────────╮╭ 4 lanes over 24h ────────────────────────────────────────────────────╮"
"│  omarchy 2/3 login ok                        ││                       █                                              │"
"│                                              ││                       █                                              │"
"│                                              ││                       █                                              │"
"│                                              ││                       █                                              │"
"╰──────────────────────────────────────────────╯╰──────────────────────────────────────────────────────────────────────╯"
"╭ 5 runs ──────────────────────────────────────────────────────────────────────────────────────────────────────────────╮"
"│▶ dash-feed-1 omarchy p1-foundations build 0.84                                                                       │"
"│  dash-feed-2 omarchy p1-foundations plan 0.00                                                                        │"
"╰──────────────────────────────────────────────────────────────────────────────────────────────────────────────────────╯"
"╭ 6 queue ──────────────────────────────────────────────────────────╮╭ inbox ──────────────────────────────────────────╮"
"│  dash-feed-streams-a-versioned-json-snapshot-of 0/3 p1-foundations││needs_chair some-task budget stop after 2 attempt│"
"│                                                                   ││                                                 │"
"│                                                                   ││                                                 │"
"│                                                                   ││                                                 │"
"│                                                                   ││                                                 │"
"│                                                                   ││                                                 │"
"│                                                                   ││                                                 │"
"│                                                                   ││                                                 │"
"│                                                                   ││                                                 │"
"│                                                                   ││                                                 │"
"│                                                                   ││                                                 │"
"│                                                                   ││                                                 │"
"│                                                                   ││                                                 │"
"│                                                                   ││                                                 │"
"│                                                                   ││                                                 │"
"│                                                                   ││                                                 │"
"│                                                                   ││                                                 │"
"│                                                                   ││                                                 │"
"│                                                                   ││                                                 │"
"│                                                                   ││                                                 │"
"│                                                                   ││                                                 │"
"│                                                                   ││                                                 │"
"│                                                                   ││                                                 │"
"│                                                                   ││                                                 │"
"╰───────────────────────────────────────────────────────────────────╯╰─────────────────────────────────────────────────╯"
