---
source: src/ui/regatta.rs
assertion_line: 436
expression: terminal.backend().to_string()
---
"╭1 chair───────────────────────────────────────────────────╮╭2 spend───────────────────────────────────────────────────╮"
"│as of 00:00                                               ││█████████         5h 16% (resets 02:00)                   │"
"│holder: chair@omarchy:12345                               ││██████████████████wk 35% (resets 04:00)                   │"
"│host: omarchy                                             ││hard stop marked at 93%                                   │"
"│liveness: live                                            ││                                                          │"
"│beat age: 4s                                              ││                                                          │"
"│                                                          ││                                                          │"
"│                                                          ││                                                          │"
"│                                                          ││                                                          │"
"│                                                          ││                                                          │"
"│                                                          ││                                                          │"
"╰──────────────────────────────────────────────────────────╯╰──────────────────────────────────────────────────────────╯"
"╭3 machines────────────────────────────────────────────────╮╭4 lanes over 24h──────────────────────────────────────────╮"
"│omarchy 2/3 login ok                                      ││                       █                                  │"
"│                                                          ││                       █                                  │"
"│                                                          ││                       █                                  │"
"│                                                          ││                       █                                  │"
"│                                                          ││                       █                                  │"
"│                                                          ││                       █                                  │"
"│                                                          ││                       █                                  │"
"│                                                          ││                       █                                  │"
"│                                                          ││                       █                                  │"
"╰──────────────────────────────────────────────────────────╯╰──────────────────────────────────────────────────────────╯"
"╭5 runs────────────────────────────────────────────────────╮╭6 queue───────────────────────────────────────────────────╮"
"│dash-feed-1 omarchy p1-foundations build 0.84             ││dash-feed-streams-a-versioned-json-snapshot-of 0/3 p1-foun│"
"│                                                          ││                                                          │"
"│                                                          ││                                                          │"
"│                                                          ││                                                          │"
"│                                                          ││                                                          │"
"│                                                          ││                                                          │"
"│                                                          ││                                                          │"
"│                                                          ││                                                          │"
"│                                                          ││                                                          │"
"│                                                          ││                                                          │"
"╰──────────────────────────────────────────────────────────╯╰──────────────────────────────────────────────────────────╯"
"╭inbox─────────────────────────────────────────────────────────────────────────────────────────────────────────────────╮"
"│needs_chair some-task budget stop after 2 attempts                                                                    │"
"│                                                                                                                      │"
"│                                                                                                                      │"
"╰──────────────────────────────────────────────────────────────────────────────────────────────────────────────────────╯"
