---
source: src/ui/regatta.rs
assertion_line: 794
expression: terminal.backend().to_string()
---
"╭ 1 chair ─────────────────────────────────────────────────────────────────────╮"
"│● chair@omarchy:12345 @ omarchy · epoch 7 · beat 4s · live                    │"
"│lands today 2 (- phases) · needs you 0 · drafts - · housekeeping -            │"
"╰──────────────────────────────────────────────────────────────────────────────╯"
