---
source: src/ui/regatta.rs
assertion_line: 800
expression: terminal.backend().to_string()
---
"╭ 1 chair ─────────────────────────────────────────────────────────────────────╮"
"│● chair@omarchy:12345 @ omarchy · epoch 7 · beat 20s · live                   │"
"│lands today 1 (- phases) · needs you 1 · drafts - · housekeeping -            │"
"╰──────────────────────────────────────────────────────────────────────────────╯"
