---
source: src/ui/confirm_dialog.rs
assertion_line: 218
expression: "draw(ThemeId::HarborLight, LONG)"
---
"                                                                                "
"                                                                                "
"                                                                                "
"                                                                                "
"                                                                                "
"                                                                                "
"                                                                                "
"                                                                                "
"          ┌Land──────────────────────────────────────────────────────┐          "
"          │ $ cox land coxtop-runs-actions-as-cox-commands-after-a-c │          "
"          │   oxtop-actions-confirm-dialog --branch p3-widgets --no- │          "
"          │   ff --message 'ship it'                                 │          "
"          │                                                          │          "
"          │ y run    n cancel                                        │          "
"          └──────────────────────────────────────────────────────────┘          "
"                                                                                "
"                                                                                "
"                                                                                "
"                                                                                "
"                                                                                "
"                                                                                "
"                                                                                "
"                                                                                "
"                                                                                "
