---
source: src/ui/regatta.rs
expression: terminal.backend().to_string()
---
"╭ history ─────────────────────────────────────────────────────────────────────╮"
"│today  3 lands  1 quarantines  $4.20  5 runs                                  │"
"│no runs ended yet                                                             │"
"│                                                                              │"
"│                                                                              │"
"│                                                                              │"
"│                                                                              │"
"│                                                                              │"
"╰──────────────────────────────────────────────────────────────────────────────╯"
