---
source: src/ui/slipstream.rs
assertion_line: 266
expression: terminal.backend().to_string()
---
"┌dash-feed-1 omarchy───────────────────────────────────────────────────────────────────┐┌spend─────────────────────────┐"
"│ plan  build  handoff  review  arbitrate  land                                        ││5h 16%                        │"
"└──────────────────────────────────────────────────────────────────────────────────────┘│wk 35%                        │"
"                                                                                        │                              │"
"                                                                                        │                              │"
"                                                                                        │                              │"
"                                                                                        │                              │"
"                                                                                        │                              │"
"                                                                                        │                              │"
"                                                                                        └──────────────────────────────┘"
"                                                                                        ┌machines──────────────────────┐"
"                                                                                        │omarchy 2/3                   │"
"                                                                                        │                              │"
"                                                                                        │                              │"
"                                                                                        │                              │"
"                                                                                        │                              │"
"                                                                                        │                              │"
"                                                                                        │                              │"
"                                                                                        │                              │"
"                                                                                        └──────────────────────────────┘"
"                                                                                        ┌inbox─────────────────────────┐"
"                                                                                        │needs_chair some-task         │"
"                                                                                        │                              │"
"                                                                                        │                              │"
"                                                                                        │                              │"
"                                                                                        │                              │"
"                                                                                        │                              │"
"                                                                                        │                              │"
"                                                                                        │                              │"
"                                                                                        └──────────────────────────────┘"
"                                                                                        ┌chair─────────────────────────┐"
"                                                                                        │chair@omarchy:12345 live      │"
"                                                                                        │                              │"
"                                                                                        │                              │"
"                                                                                        │                              │"
"                                                                                        │                              │"
"                                                                                        │                              │"
"                                                                                        │                              │"
"                                                                                        │                              │"
"                                                                                        └──────────────────────────────┘"
