---
source: src/ui/slipstream.rs
assertion_line: 1032
expression: "snapshot_text(ThemeId::HarborLight, 120, 40)"
---
towpath                                                                                          Tue Sep 29 00:00 v1.2.3
R U N S                                                                         S P E N D
╭──────────────────────────────────────────────────────────────────────────────╮5h █████░░░░░░░░░░░░░░░░░░░░░░░░░░░  16%
│dash-feed-2 ● running ×2                                                 $0.00│wk ███████████░░░░░░░░░░░░░░░░░░░░░  35%
│omarchy p1-foundations   plan   build   handoff   review   arbitrate   land   │
╰──────────────────────────────────────────────────────────────────────────────╯M A C H I N E S
                                                                                ╭──────────────────────────────────────╮
                                                                                │omarchy                            2/3│
                                                                                │████████████ ████████████ ░░░░░░░░░░░░│
                                                                                ╰──────────────────────────────────────╯
                                                                                I N B O X
                                                                                needs_chair some-task
                                                                                  budget stop after 2 attempts




















                                                                                C H A I R
                                                                                ╭──────────────────────────────────────╮
                                                                                │● chair@omarchy:12345 @ omarchy       │
                                                                                │2 lands today · beat 4s               │
                                                                                │                                      │
                                                                                ╰──────────────────────────────────────╯
↑↓ select   enter open   esc close   tab page   p pause  k kill  m move   : palette   w watch  $ spend  h health
