---
source: src/ui/confirm_dialog.rs
assertion_line: 203
expression: "draw(ThemeId::Regatta, SHORT)"
---
"                                                                                "
"                                                                                "
"                                                                                "
"                                                                                "
"                                                                                "
"                                                                                "
"                                                                                "
"                                                                                "
"                                                                                "
"          ┌Land──────────────────────────────────────────────────────┐          "
"          │ $ cox land t-1                                           │          "
"          │                                                          │          "
"          │ y run    n cancel                                        │          "
"          └──────────────────────────────────────────────────────────┘          "
"                                                                                "
"                                                                                "
"                                                                                "
"                                                                                "
"                                                                                "
"                                                                                "
"                                                                                "
"                                                                                "
"                                                                                "
"                                                                                "
