---
source: src/ui/mod.rs
assertion_line: 849
expression: text
---
╰──────────────────────────────────────────────────────────────────────────────────────────────────────────────────────╯
╭ 6 queue ──────────────────────────────────────────────────────────╮╭ inbox ──────────────────────────────────────────╮
│  dash-feed-streams-a-version┌Kill run dash-feed-1──────────────────────────────────────┐k budget stop after 2 attempt│
│                             │ $ cox runs stop dash-feed-1                              │                             │
│                             │                                                          │                             │
│                             │ y run    n cancel                                        │                             │
│                             └──────────────────────────────────────────────────────────┘                             │
╰───────────────────────────────────────────────────────────────────╯╰─────────────────────────────────────────────────╯
1-6 frames · ←→ focus · ↑↓ select · ⏎ drill down · t theme · v layout · q quit │ p pause  k kill  m move · : palette
