---
source: src/ui/regatta.rs
assertion_line: 3267
expression: terminal.backend().to_string()
---
"╭ 6 queue ─────────────────────────────────────────────────╮"
"│  alpha               pat-skylight ████████████ 1/3 phases│"
"│  beta                             ████████████ 1/3 phases│"
"│  gamma                            ████████████ 1/3 phases│"
"╰──────────────────────────────────────────────────────────╯"
