---
source: src/ui/palette_frame.rs
assertion_line: 203
expression: "draw(ThemeId::Regatta, &state).backend().to_string()"
---
" ┌cox─────────────────────────────────┐ "
" │charlie                             │ "
" │delta                               │ "
" │echo                                │ "
" │foxtrot                             │ "
" │a line that runs well past the right│ "
" │                                    │ "
" │Up Down scroll    Esc close         │ "
" └────────────────────────────────────┘ "
"                                        "
